JSCompiler_StaticMethods__peek:Ul
JSCompiler_StaticMethods__peek_at:$l
JSCompiler_StaticMethods__run:Yl
JSCompiler_StaticMethods__set_opts:am
JSCompiler_StaticMethods__set_state:Vl
JSCompiler_StaticMethods_add_after_render:ul
JSCompiler_StaticMethods_assoc_BANG_:sh
JSCompiler_StaticMethods_cleanupKeysArray_:mb
JSCompiler_StaticMethods_clearOutstandingEvents_:Tp
JSCompiler_StaticMethods_cljs$core$ITransientVector$_assoc_n_BANG_$arity$3:Hg
JSCompiler_StaticMethods_disposeObject:Lp
JSCompiler_StaticMethods_flush_after_render:tl
JSCompiler_StaticMethods_getKeys:lb
JSCompiler_StaticMethods_markAsRemoved:Nn
JSCompiler_StaticMethods_re_frame$router$IEventQueue$_call_post_event_callbacks$arity$2:No
JSCompiler_StaticMethods_re_frame$router$IEventQueue$_fsm_trigger$arity$3:Jo
JSCompiler_StaticMethods_re_frame$router$IEventQueue$_pause$arity$2:Mo
JSCompiler_StaticMethods_re_frame$router$IEventQueue$_process_1st_event_in_queue$arity$1:Ko
JSCompiler_StaticMethods_re_frame$router$IEventQueue$_run_next_tick$arity$1:Lo
JSCompiler_StaticMethods_re_frame$router$IEventQueue$_run_queue$arity$1:Io
JSCompiler_StaticMethods_releaseObject:Kp
JSCompiler_StaticMethods_removeByKey:Qn
JSCompiler_StaticMethods_schedule:rl
JSCompiler_StaticMethods_setCreateObjectFn:Jp
JSCompiler_StaticMethods_sval:bf
JSCompiler_StaticMethods_toTraceString:Pp
JSCompiler_inline_result$jscomp$237:vn
JSCompiler_prototypeAlias:a
JSCompiler_temp$jscomp$1793:An
JSCompiler_temp$jscomp$236:yn
L 0:b
L 1:e
L 10:J
L 11:K
L 12:N
L 13:S
L 14:V
L 15:ba
L 16:ra
L 17:Da
L 18:Ma
L 19:Xa
L 2:f
L 20:Fa
L 21:T
L 22:aa
L 23:ea
L 24:ha
L 25:ja
L 26:qa
L 27:sa
L 28:ua
L 29:va
L 3:m
L 30:wa
L 31:Ca
L 32:Ea
L 33:Ia
L 34:Na
L 35:Sa
L 36:eb
L 37:qb
L 38:Fb
L 39:oc
L 4:n
L 40:Ld
L 41:Kh
L 42:Sm
L 5:p
L 6:E
L 7:G
L 8:H
L 9:I
app$bbb_data$game_data:Up
app$components$icons$views$arrow_down:op
app$components$icons$views$arrow_up:np
app$components$icons$views$language:pp
app$hp_data$game_data:Vp
app$views$app:Cp
app$views$categories:wp
app$views$game:zp
app$views$game_list:Bp
app$views$languages:vp
app$views$max_play_time:tp
app$views$max_players:rp
app$views$mechanics:xp
app$views$min_play_time:sp
app$views$min_players:qp
app$views$sortable_th:Ap
app$views$thumbnail:up
app$views$title:yp
arr$jscomp$inline_1224:sn
cljs:rb
cljs$core:sb
cljs$core$ArrayChunk:df
cljs$core$ArrayNode:ih
cljs$core$ArrayNodeIterator:kh
cljs$core$ArrayNodeSeq:oh
cljs$core$Atom:Mf
cljs$core$BitmapIndexedNode:fh
cljs$core$BitmapIndexedNode$EMPTY:hh
cljs$core$Box:Zg
cljs$core$ChunkBuffer:cf
cljs$core$ChunkedCons:ef
cljs$core$ChunkedSeq:xg
cljs$core$Cons:Xe
cljs$core$ES6EntriesIterator:Pg
cljs$core$ES6Iterator:Cd
cljs$core$ES6IteratorSeq:Ed
cljs$core$ES6SetEntriesIterator:Qg
cljs$core$EmptyList:Ve
cljs$core$ExceptionInfo:ii
cljs$core$Fn:Qb
cljs$core$HashCollisionNode:jh
cljs$core$HashMapIter:ph
cljs$core$HashSetIter:yh
cljs$core$IAssociative:ic
cljs$core$ICollection:Wb
cljs$core$ICounted:Sb
cljs$core$IDeref:xc
cljs$core$IEmptyableCollection:Ub
cljs$core$IEncodeJS:di
cljs$core$IFn:Rb
cljs$core$IIndexed:Yb
cljs$core$IIndexed$_nth$dyn_9525:$b
cljs$core$IIterable:ed
cljs$core$IKVReduce:Fc
cljs$core$IList:Mc
cljs$core$ILookup:fc
cljs$core$ILookup$_lookup$dyn_9533:hc
cljs$core$IMap:mc
cljs$core$IMeta:zc
cljs$core$INIT:Af
cljs$core$INext:dc
cljs$core$IPrintWithWriter:Qc
cljs$core$IRecord:Nc
cljs$core$IReduce:Cc
cljs$core$IReduce$_reduce$dyn_9552:Ec
cljs$core$ISeq:ac
cljs$core$ISeqable:Jc
cljs$core$ISequential:Lc
cljs$core$ISet:rc
cljs$core$ISwap$_swap_BANG_$dyn_9589:dd
cljs$core$ITER_SYMBOL:Mb
cljs$core$IVector:vc
cljs$core$IndexedSeq:xd
cljs$core$IndexedSeqIterator:Zd
cljs$core$IntegerRange:Hh
cljs$core$IntegerRangeChunk:Fh
cljs$core$KeySeq:th
cljs$core$Keyword:k
cljs$core$LazySeq:af
cljs$core$List:u
cljs$core$List$EMPTY:Ad
cljs$core$MapEntry:vg
cljs$core$MetaFn:oe
cljs$core$NeverEquiv:Mg
cljs$core$NodeIterator:eh
cljs$core$NodeSeq:nh
cljs$core$PROTOCOL_SENTINEL:c
cljs$core$PersistentArrayMap:d
cljs$core$PersistentArrayMap$EMPTY:zf
cljs$core$PersistentArrayMap$HASHMAP_THRESHOLD:Xg
cljs$core$PersistentArrayMap$createAsIfByAssoc:le
cljs$core$PersistentArrayMapIterator:Tg
cljs$core$PersistentArrayMapSeq:Sg
cljs$core$PersistentHashMap:qh
cljs$core$PersistentHashMap$EMPTY:Yg
cljs$core$PersistentHashMap$fromArrays:y
cljs$core$PersistentHashSet:zh
cljs$core$PersistentHashSet$EMPTY:Bh
cljs$core$PersistentQueue:Kg
cljs$core$PersistentQueue$EMPTY:Lg
cljs$core$PersistentQueueIter:Ig
cljs$core$PersistentQueueSeq:Jg
cljs$core$PersistentVector:w
cljs$core$PersistentVector$EMPTY:he
cljs$core$PersistentVector$EMPTY_NODE:x
cljs$core$PersistentVector$fromArray:yg
cljs$core$RSeq:$d
cljs$core$Range:Ih
cljs$core$RangeIterator:Gh
cljs$core$RangedIterator:rg
cljs$core$Reduced:Md
cljs$core$Repeat:Uf
cljs$core$START:Bf
cljs$core$SeqIter:Cf
cljs$core$StringBufferWriter:gd
cljs$core$Subvec:Cg
cljs$core$Symbol:td
cljs$core$TransientArrayMap:Wg
cljs$core$TransientHashMap:rh
cljs$core$TransientHashSet:Ah
cljs$core$TransientVector:wg
cljs$core$UUID:z
cljs$core$ValSeq:uh
cljs$core$VectorNode:hg
cljs$core$_EQ_:Bd
cljs$core$_PLUS_:Pe
cljs$core$_STAR_eval_STAR_:li
cljs$core$_STAR_loaded_libs_STAR_:xb
cljs$core$_STAR_print_err_fn_STAR_:vb
cljs$core$_STAR_print_fn_STAR_:ub
cljs$core$_STAR_print_level_STAR_:wb
cljs$core$__destructure_map:vf
cljs$core$_add_watch:Sc
cljs$core$_as_transient:Vc
cljs$core$_assoc:kc
cljs$core$_assoc_BANG_:Yc
cljs$core$_assoc_n:wc
cljs$core$_chunked_first:$c
cljs$core$_chunked_rest:ad
cljs$core$_clj__GT_js:ei
cljs$core$_conj:Xb
cljs$core$_conj_BANG_:Wc
cljs$core$_contains_key_QMARK_:jc
cljs$core$_count:Tb
cljs$core$_deref:yc
cljs$core$_disjoin:sc
cljs$core$_dissoc:nc
cljs$core$_drop_first:Zc
cljs$core$_empty:Vb
cljs$core$_equiv:Hc
cljs$core$_find:lc
cljs$core$_first:bc
cljs$core$_hash:Ic
cljs$core$_indexOf$cljs$0core$0IFn$0_invoke$0arity$03:t
cljs$core$_iterator:fd
cljs$core$_key:pc
cljs$core$_kv_reduce:Gc
cljs$core$_lastIndexOf$cljs$0core$0IFn$0_invoke$0arity$03:Yd
cljs$core$_lookup:gc
cljs$core$_meta:Ac
cljs$core$_next:ec
cljs$core$_nth:Zb
cljs$core$_peek:tc
cljs$core$_persistent_BANG_:Xc
cljs$core$_pop:uc
cljs$core$_pr_writer:Rc
cljs$core$_reduce:Dc
cljs$core$_remove_watch:Uc
cljs$core$_reset_BANG_:bd
cljs$core$_rest:cc
cljs$core$_rseq:Oc
cljs$core$_seq:Kc
cljs$core$_swap_BANG_:cd
cljs$core$_val:qc
cljs$core$_with_meta:Bc
cljs$core$_write:Pc
cljs$core$aclone:Nb
cljs$core$apply$cljs$0core$0IFn$0_invoke$0arity$02:sf
cljs$core$apply$cljs$0core$0IFn$0_invoke$0arity$03:tf
cljs$core$apply$cljs$0core$0IFn$0_invoke$0arity$05:uf
cljs$core$apply$cljs$0core$0IFn$0_invoke$0arity$0variadic:pe
cljs$core$apply_to:mf
cljs$core$apply_to_simple$cljs$0core$0IFn$0_invoke$0arity$03:of
cljs$core$apply_to_simple$cljs$0core$0IFn$0_invoke$0arity$04:pf
cljs$core$apply_to_simple$cljs$0core$0IFn$0_invoke$0arity$05:qf
cljs$core$apply_to_simple$cljs$0core$0IFn$0_invoke$0arity$06:rf
cljs$core$array_QMARK_:Gb
cljs$core$array_copy:Ce
cljs$core$array_index_of:Rg
cljs$core$array_reduce$cljs$0core$0IFn$0_invoke$0arity$02:Rd
cljs$core$array_reduce$cljs$0core$0IFn$0_invoke$0arity$03:Sd
cljs$core$array_reduce$cljs$0core$0IFn$0_invoke$0arity$04:Td
cljs$core$assoc:ke
cljs$core$assoc_in:eg
cljs$core$atom$cljs$0core$0IFn$0_invoke$0arity$01:Nf
cljs$core$bit_count:Te
cljs$core$boolean$0:Fe
cljs$core$bounded_count:hf
cljs$core$build_subvec:Dg
cljs$core$butlast:Dh
cljs$core$char_escapes:Ph
cljs$core$chunk_append:gf
cljs$core$chunk_cons:ff
cljs$core$chunked_seq_QMARK_:Be
cljs$core$ci_reduce$cljs$0core$0IFn$0_invoke$0arity$02:Pd
cljs$core$ci_reduce$cljs$0core$0IFn$0_invoke$0arity$03:Qd
cljs$core$clj__GT_js:gi
cljs$core$clone_and_set$cljs$0core$0IFn$0_invoke$0arity$03:ah
cljs$core$coll_QMARK_:ve
cljs$core$complement:Ff
cljs$core$concat:kf
cljs$core$conj:ge
cljs$core$conj_BANG_:lf
cljs$core$cons:be
cljs$core$constantly:Gf
cljs$core$contains_QMARK_:Ie
cljs$core$count:Wd
cljs$core$counted_QMARK_:Ud
cljs$core$create_array_node_seq$cljs$0core$0IFn$0_invoke$0arity$03:lh
cljs$core$create_inode_seq$cljs$0core$0IFn$0_invoke$0arity$03:gh
cljs$core$cst$0kw$0_LT__DASH_:Ji
cljs$core$cst$0kw$0_LT__GT_:Cj
cljs$core$cst$0kw$0a:Hk
cljs$core$cst$0kw$0add_DASH_event:qi
cljs$core$cst$0kw$0after:Hj
cljs$core$cst$0kw$0alt_DASH_impl:Vh
cljs$core$cst$0kw$0app$0events_SLASH_init:ni
cljs$core$cst$0kw$0app$0events_SLASH_show_DASH_only_DASH_new:Ki
cljs$core$cst$0kw$0app$0events_SLASH_sort_DASH_by:Ik
cljs$core$cst$0kw$0app$0filter_SLASH_new:wi
cljs$core$cst$0kw$0app$0filter_SLASH_only_DASH_new:Bj
cljs$core$cst$0kw$0app$0subs_SLASH_feature_DASH_enabled:Ei
cljs$core$cst$0kw$0app$0subs_SLASH_game_DASH_list:Gi
cljs$core$cst$0kw$0app$0subs_SLASH_sorting:jk
cljs$core$cst$0kw$0app_SLASH_features:zk
cljs$core$cst$0kw$0app_SLASH_sort_DASH_dir:Ii
cljs$core$cst$0kw$0app_SLASH_sort_DASH_key:ui
cljs$core$cst$0kw$0asc:Yi
cljs$core$cst$0kw$0atom:ok
cljs$core$cst$0kw$0auto_DASH_run:Sj
cljs$core$cst$0kw$0before:wk
cljs$core$cst$0kw$0br:dk
cljs$core$cst$0kw$0callback:xk
cljs$core$cst$0kw$0childContextTypes:Li
cljs$core$cst$0kw$0class:Oj
cljs$core$cst$0kw$0className:pj
cljs$core$cst$0kw$0cljs$0analyzer_SLASH_analyzed:mj
cljs$core$cst$0kw$0cljs$0core_SLASH_not_DASH_found:xh
cljs$core$cst$0kw$0cljsLegacyRender:vi
cljs$core$cst$0kw$0coeffects:gk
cljs$core$cst$0kw$0cofx:rk
cljs$core$cst$0kw$0com$0boardgamegeek$0boardgame_SLASH_categories:F
cljs$core$cst$0kw$0com$0boardgamegeek$0boardgame_SLASH_id:W
cljs$core$cst$0kw$0com$0boardgamegeek$0boardgame_SLASH_max_DASH_play_DASH_time:M
cljs$core$cst$0kw$0com$0boardgamegeek$0boardgame_SLASH_max_DASH_players:O
cljs$core$cst$0kw$0com$0boardgamegeek$0boardgame_SLASH_mechanics:C
cljs$core$cst$0kw$0com$0boardgamegeek$0boardgame_SLASH_min_DASH_play_DASH_time:Q
cljs$core$cst$0kw$0com$0boardgamegeek$0boardgame_SLASH_min_DASH_players:B
cljs$core$cst$0kw$0com$0boardgamegeek$0boardgame_SLASH_thumbnail:Z
cljs$core$cst$0kw$0com$0boardgamegeek$0category_SLASH_id:U
cljs$core$cst$0kw$0com$0boardgamegeek$0category_SLASH_name:L
cljs$core$cst$0kw$0com$0boardgamegeek$0mechanic_SLASH_id:R
cljs$core$cst$0kw$0com$0boardgamegeek$0mechanic_SLASH_name:P
cljs$core$cst$0kw$0componentFunction:ek
cljs$core$cst$0kw$0componentWillUnmount:kj
cljs$core$cst$0kw$0component_DASH_did_DASH_update:dj
cljs$core$cst$0kw$0component_DASH_will_DASH_unmount:Uj
cljs$core$cst$0kw$0constructor:Rj
cljs$core$cst$0kw$0contextType:Dk
cljs$core$cst$0kw$0contextTypes:$i
cljs$core$cst$0kw$0db:Mi
cljs$core$cst$0kw$0db_DASH_handler:Fj
cljs$core$cst$0kw$0debug:gj
cljs$core$cst$0kw$0deregister_DASH_event_DASH_handler:nj
cljs$core$cst$0kw$0desc:Ci
cljs$core$cst$0kw$0dispatch:zj
cljs$core$cst$0kw$0dispatch_DASH_later:Gk
cljs$core$cst$0kw$0dispatch_DASH_n:ej
cljs$core$cst$0kw$0displayName:Ri
cljs$core$cst$0kw$0display_DASH_name:Xj
cljs$core$cst$0kw$0div:xj
cljs$core$cst$0kw$0div$0footer:Ti
cljs$core$cst$0kw$0do_DASH_fx:bj
cljs$core$cst$0kw$0dup:Cb
cljs$core$cst$0kw$0effects:Pj
cljs$core$cst$0kw$0error:ck
cljs$core$cst$0kw$0event:Gj
cljs$core$cst$0kw$0exception:fk
cljs$core$cst$0kw$0f:ak
cljs$core$cst$0kw$0fallback_DASH_impl:Wh
cljs$core$cst$0kw$0finish_DASH_run:Ck
cljs$core$cst$0kw$0flush_DASH_dom:wj
cljs$core$cst$0kw$0flush_DASH_on_DASH_newline:zb
cljs$core$cst$0kw$0fsm_DASH_state:Fi
cljs$core$cst$0kw$0function_DASH_components:Jj
cljs$core$cst$0kw$0fx:vk
cljs$core$cst$0kw$0game_DASH_list_SLASH_games:sk
cljs$core$cst$0kw$0game_DASH_list_SLASH_sorting:Kj
cljs$core$cst$0kw$0game_SLASH_id:A
cljs$core$cst$0kw$0game_SLASH_name:Y
cljs$core$cst$0kw$0getDerivedStateFromError:jj
cljs$core$cst$0kw$0getDerivedStateFromProps:ij
cljs$core$cst$0kw$0getInitialState:Qj
cljs$core$cst$0kw$0global_DASH_interceptors:vj
cljs$core$cst$0kw$0group:Ai
cljs$core$cst$0kw$0groupEnd:nk
cljs$core$cst$0kw$0href:Ek
cljs$core$cst$0kw$0id:Nj
cljs$core$cst$0kw$0idle:zi
cljs$core$cst$0kw$0img:Fk
cljs$core$cst$0kw$0inject_DASH_global_DASH_interceptors:Wj
cljs$core$cst$0kw$0input:hk
cljs$core$cst$0kw$0key:Di
cljs$core$cst$0kw$0keyword_DASH_fn:hi
cljs$core$cst$0kw$0label:Mj
cljs$core$cst$0kw$0languages:X
cljs$core$cst$0kw$0loaded_QMARK_:mk
cljs$core$cst$0kw$0log:yk
cljs$core$cst$0kw$0map:Bk
cljs$core$cst$0kw$0meta:Bb
cljs$core$cst$0kw$0more_DASH_marker:Nh
cljs$core$cst$0kw$0ms:uk
cljs$core$cst$0kw$0name:D
cljs$core$cst$0kw$0new:Vi
cljs$core$cst$0kw$0no_DASH_cache:Dj
cljs$core$cst$0kw$0on_DASH_change:qk
cljs$core$cst$0kw$0on_DASH_click:oj
cljs$core$cst$0kw$0on_DASH_dispose:Zj
cljs$core$cst$0kw$0on_DASH_set:ti
cljs$core$cst$0kw$0on_DASH_write:Lj
cljs$core$cst$0kw$0original_DASH_event:yi
cljs$core$cst$0kw$0p:Ak
cljs$core$cst$0kw$0path:pi
cljs$core$cst$0kw$0pause:bk
cljs$core$cst$0kw$0paused:si
cljs$core$cst$0kw$0print_DASH_length:Db
cljs$core$cst$0kw$0queue:Qi
cljs$core$cst$0kw$0re_DASH_frame$0std_DASH_interceptors_SLASH_not_DASH_found:Pi
cljs$core$cst$0kw$0readably:Ab
cljs$core$cst$0kw$0reagentRender:Aj
cljs$core$cst$0kw$0reagent_DASH_render:Ij
cljs$core$cst$0kw$0render:Ej
cljs$core$cst$0kw$0resume:tk
cljs$core$cst$0kw$0run_DASH_queue:Tj
cljs$core$cst$0kw$0running:sj
cljs$core$cst$0kw$0scheduled:Yj
cljs$core$cst$0kw$0sequential:Ui
cljs$core$cst$0kw$0set:ik
cljs$core$cst$0kw$0shouldComponentUpdate:uj
cljs$core$cst$0kw$0sorting:kk
cljs$core$cst$0kw$0source_DASH_label:Oi
cljs$core$cst$0kw$0source_DASH_url:tj
cljs$core$cst$0kw$0span:Kk
cljs$core$cst$0kw$0span$0i_DASH_arrow_DASH_down:lj
cljs$core$cst$0kw$0span$0i_DASH_arrow_DASH_up:qj
cljs$core$cst$0kw$0src:hj
cljs$core$cst$0kw$0stack:Vj
cljs$core$cst$0kw$0sub:Ni
cljs$core$cst$0kw$0sup:Hi
cljs$core$cst$0kw$0table$0game_DASH_list:xi
cljs$core$cst$0kw$0tbody:Bi
cljs$core$cst$0kw$0td:Xi
cljs$core$cst$0kw$0text:Jk
cljs$core$cst$0kw$0th:Zi
cljs$core$cst$0kw$0th$0pointer:cj
cljs$core$cst$0kw$0thead:oi
cljs$core$cst$0kw$0title:rj
cljs$core$cst$0kw$0tr:aj
cljs$core$cst$0kw$0trigger:pk
cljs$core$cst$0kw$0trim_DASH_v:yj
cljs$core$cst$0kw$0type:fj
cljs$core$cst$0kw$0unnamed:mi
cljs$core$cst$0kw$0unwrap:lk
cljs$core$cst$0kw$0val:ai
cljs$core$cst$0kw$0validator:Si
cljs$core$cst$0kw$0warn:Wi
cljs$core$cst$0kw$0yield:ri
cljs$core$dec:Qe
cljs$core$deref:Od
cljs$core$disj:te
cljs$core$dissoc:me
cljs$core$do_assoc:pg
cljs$core$doall$cljs$0core$0IFn$0_invoke$0arity$01:Jh
cljs$core$drop$cljs$0core$0IFn$0_invoke$0arity$02:Sf
cljs$core$drop_last$cljs$0core$0IFn$0_invoke$0arity$02:Tf
cljs$core$edit_and_set$cljs$0core$0IFn$0_invoke$0arity$04:ch
cljs$core$empty:ie
cljs$core$empty_QMARK_:ue
cljs$core$empty_ordered_hash:Hd
cljs$core$empty_unordered_hash:Jd
cljs$core$equiv_map:Og
cljs$core$equiv_sequential:ae
cljs$core$es6_iterator:Dd
cljs$core$es6_iterator_seq:yd
cljs$core$every_QMARK_:Df
cljs$core$ex_info$cljs$0core$0IFn$0_invoke$0arity$02:ji
cljs$core$filter$cljs$0core$0IFn$0_invoke$0arity$02:Yf
cljs$core$first:q
cljs$core$flatten:ag
cljs$core$fn_QMARK_:ne
cljs$core$fnil$cljs$0core$0IFn$0_invoke$0arity$02:If
cljs$core$gensym$cljs$0core$0IFn$0_invoke$0arity$01:ci
cljs$core$gensym_counter:bi
cljs$core$get:ud
cljs$core$get_in$cljs$0core$0IFn$0_invoke$0arity$02:dg
cljs$core$hash:qd
cljs$core$hash_collision_node_find_index:mh
cljs$core$hash_combine:rd
cljs$core$hash_map:wf
cljs$core$hash_ordered_coll:Gd
cljs$core$hash_string:pd
cljs$core$hash_unordered_coll:Id
cljs$core$identity:Ne
cljs$core$ifn_QMARK_:Ge
cljs$core$imul:id
cljs$core$inc:Kd
cljs$core$indexed_QMARK_:Vd
cljs$core$inode_kv_reduce:dh
cljs$core$instance_QMARK_:sd
cljs$core$integer_QMARK_:He
cljs$core$interleave:Wf
cljs$core$interpose$cljs$0core$0IFn$0_invoke$0arity$02:Xf
cljs$core$into:Jf
cljs$core$into_array$cljs$0core$0IFn$0_invoke$0arity$02:Ob
cljs$core$iter_reduce$cljs$0core$0IFn$0_invoke$0arity$02:Je
cljs$core$iter_reduce$cljs$0core$0IFn$0_invoke$0arity$03:Ke
cljs$core$iterable_QMARK_:wd
cljs$core$keep$cljs$0core$0IFn$0_invoke$0arity$02:Lf
cljs$core$key__GT_js$cljs$0core$0IFn$0_invoke$0arity$02:fi
cljs$core$key_test:$g
cljs$core$keys:Ug
cljs$core$keyword:Ze
cljs$core$last:fe
cljs$core$lift_ns:Zh
cljs$core$linear_traversal_nth$cljs$0core$0IFn$0_invoke$0arity$03:je
cljs$core$list:We
cljs$core$list_QMARK_:Ue
cljs$core$lookup_sentinel:De
cljs$core$m3_fmix:ld
cljs$core$m3_hash_unencoded_chars:md
cljs$core$m3_mix_H1:kd
cljs$core$m3_mix_K1:jd
cljs$core$map:Qf
cljs$core$map_QMARK_:ye
cljs$core$map_entry_QMARK_:Ag
cljs$core$mapv$cljs$0core$0IFn$0_invoke$0arity$02:bg
cljs$core$max:Re
cljs$core$max_key:Eh
cljs$core$merge:vh
cljs$core$meta:re
cljs$core$missing_protocol:Kb
cljs$core$mix_collection_hash:Fd
cljs$core$name:$e
cljs$core$namespace:Ye
cljs$core$native_satisfies_QMARK_:Ib
cljs$core$never_equiv:Ng
cljs$core$new_path:lg
cljs$core$next:r
cljs$core$next_STAR_:nf
cljs$core$nil_QMARK_:Eb
cljs$core$nil_iter:yf
cljs$core$not:Hb
cljs$core$not_empty:xf
cljs$core$nth$cljs$0core$0IFn$0_invoke$0arity$02:Xd
cljs$core$nth$cljs$0core$0IFn$0_invoke$0arity$03:v
cljs$core$partial:Hf
cljs$core$partition$cljs$0core$0IFn$0_invoke$0arity$03:cg
cljs$core$peek:se
cljs$core$pop_tail:qg
cljs$core$pr_opts:yb
cljs$core$pr_sequential_writer:Mh
cljs$core$pr_str_STAR_:hd
cljs$core$pr_str_with_opts:Xh
cljs$core$pr_writer:Th
cljs$core$pr_writer_impl:Sh
cljs$core$prim_seq$cljs$0core$0IFn$0_invoke$0arity$02:ce
cljs$core$print_map:Uh
cljs$core$print_meta_QMARK_:Rh
cljs$core$print_prefix_map:$h
cljs$core$push_tail:mg
cljs$core$pv_clone_node:jg
cljs$core$pv_fresh_node:ig
cljs$core$pv_reduce$cljs$0core$0IFn$0_invoke$0arity$04:tg
cljs$core$pv_reduce$cljs$0core$0IFn$0_invoke$0arity$05:ug
cljs$core$quot:Se
cljs$core$quote_string:Qh
cljs$core$ranged_iterator:sg
cljs$core$re_matches:Lh
cljs$core$record_QMARK_:ze
cljs$core$reduce$cljs$0core$0IFn$0_invoke$0arity$02:Le
cljs$core$reduce$cljs$0core$0IFn$0_invoke$0arity$03:Pb
cljs$core$reduce_kv:Me
cljs$core$reduced_QMARK_:Nd
cljs$core$remove$cljs$0core$0IFn$0_invoke$0arity$02:Zf
cljs$core$remove_pair:bh
cljs$core$repeat$cljs$0core$0IFn$0_invoke$0arity$02:Vf
cljs$core$reset_BANG_:Of
cljs$core$rest:zd
cljs$core$select_keys:wh
cljs$core$seq:l
cljs$core$seq_QMARK_:Ee
cljs$core$seq_reduce$cljs$0core$0IFn$0_invoke$0arity$02:de
cljs$core$seq_reduce$cljs$0core$0IFn$0_invoke$0arity$03:ee
cljs$core$sequential_QMARK_:xe
cljs$core$set:Ch
cljs$core$set_QMARK_:we
cljs$core$some:Ef
cljs$core$spread:jf
cljs$core$str:h
cljs$core$string_hash_cache:nd
cljs$core$string_hash_cache_count:od
cljs$core$strip_ns:Yh
cljs$core$subvec:Eg
cljs$core$swap_BANG_:Pf
cljs$core$symbol:vd
cljs$core$t_cljs$0core10394:tb
cljs$core$tail_off:kg
cljs$core$take$cljs$0core$0IFn$0_invoke$0arity$02:Rf
cljs$core$tapset:ki
cljs$core$transduce$cljs$0core$0IFn$0_invoke$0arity$04:Oe
cljs$core$tree_seq:$f
cljs$core$truth_:g
cljs$core$tv_ensure_editable:Fg
cljs$core$tv_push_tail:Gg
cljs$core$type:Jb
cljs$core$type__GT_str:Lb
cljs$core$unchecked_array_for:og
cljs$core$update:gg
cljs$core$update_in:fg
cljs$core$vals:Vg
cljs$core$vec:zg
cljs$core$vector:Bg
cljs$core$vector_QMARK_:Ae
cljs$core$vector_index_out_of_bounds:ng
cljs$core$with_meta:qe
cljs$core$write_all$cljs$0core$0IFn$0_invoke$0arity$0variadic:Oh
clojure$data$atom_diff:To
clojure$data$diff:Wo
clojure$data$diff_associative:Xo
clojure$data$diff_associative_key:Vo
clojure$data$diff_sequential:Yo
clojure$data$diff_set:Zo
clojure$data$diff_similar:ap
clojure$data$equality_partition:$o
clojure$data$vectorize:Uo
clojure$set$bubble_max_key:xl
clojure$set$difference:zl
clojure$set$intersection:yl
clojure$string$join$cljs$0core$0IFn$0_invoke$0arity$02:Tk
clojure$string$replace:Sk
clojure$string$replace_all:Qk
clojure$string$replace_with:Rk
clojure$string$split$cljs$0core$0IFn$0_invoke$0arity$03:Uk
clojure$walk$prewalk:Wk
clojure$walk$walk:Vk
docMode$jscomp$inline_1225:tn
documentMode$jscomp$inline_1239:wn
goog$Disposable:En
goog$Disposable$MonitoringMode$OFF:Fn
goog$Disposable$instances_:Gn
goog$UID_PROPERTY_:na
goog$async$nextTick:go
goog$bind:xa
goog$bindJs_:ta
goog$bindNative_:pa
goog$debug$Trace_:Mp
goog$debug$Trace_$Event_:Np
goog$debug$Trace_$Stat_:Op
goog$debug$Trace_$TRACE_CANCELLED_:Sp
goog$debug$Trace_$formatTime_:Rp
goog$debug$Trace_$longToPaddedString_:Qp
goog$dom$createElement:fo
goog$dom$safe$isInnerHtmlCleanupRecursive_:ab
goog$events$BrowserEvent:In
goog$events$BrowserEvent$IE_POINTER_TYPE_MAP:Jn
goog$events$BrowserFeature$HAS_W3C_EVENT_SUPPORT:zn
goog$events$BrowserFeature$PASSIVE_EVENTS:Dn
goog$events$BrowserFeature$SET_KEY_CODE_TO_PREVENT_DEFAULT:Cn
goog$events$Event:Hn
goog$events$LISTENER_MAP_PROP_:Rn
goog$events$LISTENER_WRAPPER_PROP_:eo
goog$events$Listenable$IMPLEMENTED_BY_PROP:Kn
goog$events$ListenableKey$counter_:Ln
goog$events$Listener:Mn
goog$events$ListenerMap:On
goog$events$ListenerMap$findListenerIndex_:Pn
goog$events$fireListener:co
goog$events$fireListeners_:bo
goog$events$getListenerMap_:Yn
goog$events$getOnString_:$n
goog$events$getProxy:Zn
goog$events$handleBrowserEvent_:ao
goog$events$listen:Un
goog$events$listenOnce:Vn
goog$events$listen_:Xn
goog$events$listenerCountEstimate_:Tn
goog$events$onStringMap_:Sn
goog$events$wrapListener:Wn
goog$exportPath_:da
goog$getUid:ma
goog$global:ca
goog$html$SafeHtml:Ya
goog$html$SafeHtml$CONSTRUCTOR_TOKEN_PRIVATE_:Wa
goog$html$SafeHtml$EMPTY:$a
goog$html$SafeHtml$unwrapTrustedHTML:Za
goog$html$trustedtypes$cachedPolicy_:Oa
goog$identity_:za
goog$inherits:ya
goog$isArrayLike:ka
goog$isObject:la
goog$iter$Iterator:hb
goog$iter$StopIteration:gb
goog$iter$forEach:jb
goog$iter$toIterator:ib
goog$labs$userAgent$platform$isIphone:hn
goog$labs$userAgent$util$matchUserAgent:Va
goog$labs$userAgent$util$userAgent_:Ra
goog$nullFunction:fa
goog$object$PROTOTYPE_FIELDS_:Ka
goog$object$extend:La
goog$object$get:Ja
goog$object$getKeys:Ha
goog$reflect$sinkValue:ob
goog$string$HTML_ENTITY_PATTERN_:fb
goog$string$StringBuffer:pb
goog$string$internal$compareElements_:Qa
goog$string$internal$trim:Pa
goog$string$unescapeEntities:bb
goog$string$unescapeEntitiesUsingDom_:cb
goog$string$unescapePureXmlEntities_:db
goog$structs$Map:kb
goog$structs$Map$hasKey_:nb
goog$structs$SimplePool:Ip
goog$typeOf:ia
goog$uidCounter_:oa
goog$userAgent$DOCUMENT_MODE:xn
goog$userAgent$EDGE:ln
goog$userAgent$GECKO:mn
goog$userAgent$IE:kn
goog$userAgent$OPERA:jn
goog$userAgent$VERSION:qn
goog$userAgent$WEBKIT:nn
goog$userAgent$getDocumentMode_:pn
goog$userAgent$isVersionOrHigherCache_:un
listener$jscomp$inline_1286:xo
module$contents$goog$array_forEach:Ba
module$contents$goog$array_indexOf:Aa
module$contents$goog$array_toArray:Ga
navigator$jscomp$inline_1221:on
navigator$jscomp$inline_262:Ta
re_frame:ho
re_frame$cofx$inject_db:So
re_frame$core$reg_event_db:lp
re_frame$core$reg_sub$cljs$0core$0IFn$0_invoke$0arity$0variadic:mp
re_frame$db$app_db:Eo
re_frame$events$_STAR_handling_STAR_:Fo
re_frame$events$handle:Go
re_frame$fx$dispatch_later:Ro
re_frame$fx$do_fx:Qo
re_frame$interceptor$__GT_interceptor:ro
re_frame$interceptor$assoc_coeffect:to
re_frame$interceptor$enqueue:vo
re_frame$interceptor$get_coeffect$cljs$0core$0IFn$0_invoke$0arity$02:so
re_frame$interceptor$invoke_interceptors:uo
re_frame$interop$add_on_dispose_BANG_:jo
re_frame$interop$deref_QMARK_:io
re_frame$interop$empty_queue:Kf
re_frame$interop$reagent_id:lo
re_frame$interop$set_timeout_BANG_:ko
re_frame$loggers$console:no
re_frame$loggers$loggers:mo
re_frame$registrar$clear_handlers:Co
re_frame$registrar$get_handler$cljs$0core$0IFn$0_invoke$0arity$02:Ao
re_frame$registrar$kind__GT_id__GT_handler:zo
re_frame$registrar$kinds:yo
re_frame$registrar$register_handler:Bo
re_frame$router$dispatch:Po
re_frame$router$event_queue:Oo
re_frame$router$later_fns:Ho
re_frame$settings$store:wo
re_frame$std_interceptors$db_handler__GT_interceptor:bp
re_frame$std_interceptors$inject_global_interceptors:cp
re_frame$subs$cache_and_return:fp
re_frame$subs$cache_lookup$cljs$0core$0IFn$0_invoke$0arity$02:gp
re_frame$subs$clear_subscription_cache_BANG_:ep
re_frame$subs$deref_input_signals:jp
re_frame$subs$map_vals:ip
re_frame$subs$query__GT_reaction:dp
re_frame$subs$reg_sub:kp
re_frame$subs$subscribe:hp
re_frame$trace:oo
re_frame$trace$next_delivery:qo
re_frame$trace$traces:po
re_frame$utils$first_in_vector:Do
reagent:Lk
reagent$core$after_render:gn
reagent$debug:Mk
reagent$debug$has_console:Nk
reagent$debug$track_console:Pk
reagent$debug$warnings:Ok
reagent$dom:Dp
reagent$dom$global$0module$0react_dom:Ep
reagent$dom$render$cljs$0core$0IFn$0_invoke$0arity$03:Hp
reagent$dom$render_comp:Gp
reagent$dom$roots:Fp
reagent$impl:Xk
reagent$impl$batching:jl
reagent$impl$batching$RenderQueue:sl
reagent$impl$batching$compare_mount_order:nl
reagent$impl$batching$enqueue:ql
reagent$impl$batching$fake_raf:ll
reagent$impl$batching$mount_count:kl
reagent$impl$batching$next_tick:ml
reagent$impl$batching$queue_render:wl
reagent$impl$batching$ratom_flush:ol
reagent$impl$batching$render_queue:vl
reagent$impl$batching$run_funs:pl
reagent$impl$component$_STAR_current_component_STAR_:jm
reagent$impl$component$built_in_static_method_names:xm
reagent$impl$component$cache_react_class:zm
reagent$impl$component$camelify_map_keys:tm
reagent$impl$component$cljsify:wm
reagent$impl$component$comp_name:pm
reagent$impl$component$create_class:ym
reagent$impl$component$custom_wrapper:qm
reagent$impl$component$dash_to_method_name:sm
reagent$impl$component$functional_render:Bm
reagent$impl$component$functional_render_fn:Dm
reagent$impl$component$functional_render_memo_fn:Cm
reagent$impl$component$functional_wrap_render:Am
reagent$impl$component$global$0module$0react:km
reagent$impl$component$map_to_js:vm
reagent$impl$component$obligatory:rm
reagent$impl$component$props_argv:lm
reagent$impl$component$rat_opts:em
reagent$impl$component$react_class_QMARK_:nm
reagent$impl$component$reagent_class_QMARK_:mm
reagent$impl$component$wrap_funs:um
reagent$impl$component$wrap_render:om
reagent$impl$input$input_component_set_value:Gm
reagent$impl$input$input_handle_change:Hm
reagent$impl$input$input_node_set_value:Fm
reagent$impl$input$input_render_setup:Im
reagent$impl$input$input_spec:Jm
reagent$impl$input$these_inputs_have_selection_api:Em
reagent$impl$protocols$as_element:hm
reagent$impl$protocols$get_id:gm
reagent$impl$protocols$make_element:im
reagent$impl$template:Km
reagent$impl$template$HiccupTag:Xm
reagent$impl$template$cache_get:Pm
reagent$impl$template$convert_custom_prop_value:Vm
reagent$impl$template$convert_prop_value:Rm
reagent$impl$template$custom_kv_conv:Um
reagent$impl$template$custom_prop_name_cache:Tm
reagent$impl$template$default_compiler:fn
reagent$impl$template$expand_seq_check:dn
reagent$impl$template$expand_seq_dev:cn
reagent$impl$template$function_element:Zm
reagent$impl$template$global$0module$0react:Mm
reagent$impl$template$kv_conv:Qm
reagent$impl$template$make_element:Wm
reagent$impl$template$maybe_function_element:$m
reagent$impl$template$native_element:bn
reagent$impl$template$prop_name_cache:Om
reagent$impl$template$re_tag:Nm
reagent$impl$template$reag_element:Ym
reagent$impl$template$t_reagent$0impl$0template12680:Lm
reagent$impl$template$tag_name_cache:an
reagent$impl$template$vec_to_elem:en
reagent$impl$util$_STAR_always_update_STAR_:el
reagent$impl$util$capitalize:$k
reagent$impl$util$class_names:dl
reagent$impl$util$dash_to_prop_name:al
reagent$impl$util$dont_camel_case:Zk
reagent$impl$util$fun_name:bl
reagent$impl$util$get_react_key:fl
reagent$impl$util$hiccup_err$cljs$0core$0IFn$0_invoke$0arity$0variadic:il
reagent$impl$util$is_client:Yk
reagent$impl$util$named_QMARK_:cl
reagent$impl$util$react_key_from_vec:gl
reagent$impl$util$str_coll:hl
reagent$ratom:Al
reagent$ratom$RAtom:Ol
reagent$ratom$RCursor:Tl
reagent$ratom$Reaction:Zl
reagent$ratom$Track:Sl
reagent$ratom$_STAR_ratom_context_STAR_:Bl
reagent$ratom$_running:El
reagent$ratom$add_on_dispose_BANG_:Xl
reagent$ratom$add_w:Jl
reagent$ratom$atom:Pl
reagent$ratom$cached_reaction:Ql
reagent$ratom$check_derefs:fm
reagent$ratom$check_watches:Il
reagent$ratom$debug:Cl
reagent$ratom$deref_capture:Gl
reagent$ratom$dispose_BANG_:Wl
reagent$ratom$flush_BANG_:bm
reagent$ratom$generation:Dl
reagent$ratom$handle_reaction_change:Tc
reagent$ratom$in_context:Fl
reagent$ratom$make_reaction:Rl
reagent$ratom$notify_deref_watcher_BANG_:Hl
reagent$ratom$notify_w:Ll
reagent$ratom$pr_atom:Ml
reagent$ratom$rea_queue:Nl
reagent$ratom$remove_w:Kl
reagent$ratom$run_in_reaction:dm
reagent$ratom$temp_reaction:cm
userAgent$jscomp$inline_263:Ua
valueFn$jscomp$inline_1853:Bn
version$jscomp$inline_1223:rn
