JSCompiler_StaticMethods__peek:Rl
JSCompiler_StaticMethods__peek_at:Xl
JSCompiler_StaticMethods__run:Vl
JSCompiler_StaticMethods__set_opts:Yl
JSCompiler_StaticMethods__set_state:Sl
JSCompiler_StaticMethods_add_after_render:rl
JSCompiler_StaticMethods_assoc_BANG_:sh
JSCompiler_StaticMethods_cleanupKeysArray_:mb
JSCompiler_StaticMethods_clearOutstandingEvents_:Qp
JSCompiler_StaticMethods_cljs$core$ITransientVector$_assoc_n_BANG_$arity$3:Hg
JSCompiler_StaticMethods_disposeObject:Ip
JSCompiler_StaticMethods_flush_after_render:ql
JSCompiler_StaticMethods_getKeys:lb
JSCompiler_StaticMethods_markAsRemoved:Kn
JSCompiler_StaticMethods_re_frame$router$IEventQueue$_call_post_event_callbacks$arity$2:Ko
JSCompiler_StaticMethods_re_frame$router$IEventQueue$_fsm_trigger$arity$3:Go
JSCompiler_StaticMethods_re_frame$router$IEventQueue$_pause$arity$2:Jo
JSCompiler_StaticMethods_re_frame$router$IEventQueue$_process_1st_event_in_queue$arity$1:Ho
JSCompiler_StaticMethods_re_frame$router$IEventQueue$_run_next_tick$arity$1:Io
JSCompiler_StaticMethods_re_frame$router$IEventQueue$_run_queue$arity$1:Fo
JSCompiler_StaticMethods_releaseObject:Hp
JSCompiler_StaticMethods_removeByKey:Nn
JSCompiler_StaticMethods_schedule:ol
JSCompiler_StaticMethods_setCreateObjectFn:Gp
JSCompiler_StaticMethods_sval:bf
JSCompiler_StaticMethods_toTraceString:Mp
JSCompiler_inline_result$jscomp$237:sn
JSCompiler_prototypeAlias:b
JSCompiler_temp$jscomp$1782:xn
JSCompiler_temp$jscomp$236:vn
L 0:a
L 1:e
L 10:J
L 11:K
L 12:N
L 13:S
L 14:V
L 15:ba
L 16:qa
L 17:Ca
L 18:La
L 19:Wa
L 2:f
L 20:Ea
L 21:T
L 22:aa
L 23:ea
L 24:ha
L 25:ja
L 26:pa
L 27:ra
L 28:ta
L 29:ua
L 3:k
L 30:va
L 31:Ba
L 32:Da
L 33:Ha
L 34:Ma
L 35:Ra
L 36:db
L 37:pb
L 38:Eb
L 39:oc
L 4:n
L 40:Ld
L 41:Ih
L 42:Pm
L 5:p
L 6:x
L 7:F
L 8:H
L 9:I
app$bbb_data$game_data:Rp
app$components$icons$views$arrow_down:lp
app$components$icons$views$arrow_up:kp
app$components$icons$views$language:mp
app$hp_data$game_data:Sp
app$views$app:zp
app$views$categories:tp
app$views$game:wp
app$views$game_list:yp
app$views$languages:sp
app$views$max_play_time:qp
app$views$max_players:op
app$views$mechanics:up
app$views$min_play_time:pp
app$views$min_players:np
app$views$sortable_th:xp
app$views$thumbnail:rp
app$views$title:vp
arr$jscomp$inline_1223:pn
cljs:rb
cljs$core:sb
cljs$core$ArrayChunk:df
cljs$core$ArrayNode:ih
cljs$core$ArrayNodeIterator:kh
cljs$core$ArrayNodeSeq:oh
cljs$core$Atom:Mf
cljs$core$BitmapIndexedNode:fh
cljs$core$BitmapIndexedNode$EMPTY:hh
cljs$core$Box:Zg
cljs$core$ChunkBuffer:cf
cljs$core$ChunkedCons:ef
cljs$core$ChunkedSeq:xg
cljs$core$Cons:Xe
cljs$core$ES6EntriesIterator:Pg
cljs$core$ES6Iterator:Cd
cljs$core$ES6IteratorSeq:Ed
cljs$core$ES6SetEntriesIterator:Qg
cljs$core$EmptyList:Ve
cljs$core$ExceptionInfo:ii
cljs$core$Fn:Qb
cljs$core$HashCollisionNode:jh
cljs$core$HashMapIter:ph
cljs$core$HashSetIter:yh
cljs$core$IAssociative:ic
cljs$core$ICollection:Wb
cljs$core$ICounted:Sb
cljs$core$IDeref:xc
cljs$core$IEmptyableCollection:Ub
cljs$core$IEncodeJS:di
cljs$core$IFn:Rb
cljs$core$IIndexed:Yb
cljs$core$IIndexed$_nth$dyn_9525:$b
cljs$core$IIterable:ed
cljs$core$IKVReduce:Fc
cljs$core$IList:Mc
cljs$core$ILookup:fc
cljs$core$ILookup$_lookup$dyn_9533:hc
cljs$core$IMap:mc
cljs$core$IMeta:zc
cljs$core$INIT:Af
cljs$core$INext:dc
cljs$core$IPrintWithWriter:Qc
cljs$core$IRecord:Nc
cljs$core$IReduce:Cc
cljs$core$IReduce$_reduce$dyn_9552:Ec
cljs$core$ISeq:ac
cljs$core$ISeqable:Jc
cljs$core$ISequential:Lc
cljs$core$ISet:rc
cljs$core$ISwap$_swap_BANG_$dyn_9589:dd
cljs$core$ITER_SYMBOL:Mb
cljs$core$IVector:vc
cljs$core$IndexedSeq:xd
cljs$core$IndexedSeqIterator:Zd
cljs$core$IntegerRange:Hh
cljs$core$IntegerRangeChunk:Fh
cljs$core$KeySeq:th
cljs$core$Keyword:l
cljs$core$LazySeq:af
cljs$core$List:u
cljs$core$List$EMPTY:Ad
cljs$core$MapEntry:vg
cljs$core$MetaFn:oe
cljs$core$NeverEquiv:Mg
cljs$core$NodeIterator:eh
cljs$core$NodeSeq:nh
cljs$core$PROTOCOL_SENTINEL:c
cljs$core$PersistentArrayMap:d
cljs$core$PersistentArrayMap$EMPTY:zf
cljs$core$PersistentArrayMap$HASHMAP_THRESHOLD:Xg
cljs$core$PersistentArrayMap$createAsIfByAssoc:le
cljs$core$PersistentArrayMapIterator:Tg
cljs$core$PersistentArrayMapSeq:Sg
cljs$core$PersistentHashMap:qh
cljs$core$PersistentHashMap$EMPTY:Yg
cljs$core$PersistentHashMap$fromArrays:z
cljs$core$PersistentHashSet:zh
cljs$core$PersistentHashSet$EMPTY:Bh
cljs$core$PersistentQueue:Kg
cljs$core$PersistentQueue$EMPTY:Lg
cljs$core$PersistentQueueIter:Ig
cljs$core$PersistentQueueSeq:Jg
cljs$core$PersistentVector:w
cljs$core$PersistentVector$EMPTY:he
cljs$core$PersistentVector$EMPTY_NODE:y
cljs$core$PersistentVector$fromArray:yg
cljs$core$RSeq:$d
cljs$core$Range:Jh
cljs$core$RangeIterator:Gh
cljs$core$RangedIterator:rg
cljs$core$Reduced:Md
cljs$core$Repeat:Uf
cljs$core$START:Bf
cljs$core$SeqIter:Cf
cljs$core$StringBufferWriter:gd
cljs$core$Subvec:Cg
cljs$core$Symbol:td
cljs$core$TransientArrayMap:Wg
cljs$core$TransientHashMap:rh
cljs$core$TransientHashSet:Ah
cljs$core$TransientVector:wg
cljs$core$UUID:A
cljs$core$ValSeq:uh
cljs$core$VectorNode:hg
cljs$core$_EQ_:Bd
cljs$core$_PLUS_:Pe
cljs$core$_STAR_eval_STAR_:li
cljs$core$_STAR_loaded_libs_STAR_:xb
cljs$core$_STAR_print_err_fn_STAR_:vb
cljs$core$_STAR_print_fn_STAR_:ub
cljs$core$_STAR_print_level_STAR_:wb
cljs$core$__destructure_map:vf
cljs$core$_add_watch:Sc
cljs$core$_as_transient:Vc
cljs$core$_assoc:kc
cljs$core$_assoc_BANG_:Yc
cljs$core$_assoc_n:wc
cljs$core$_chunked_first:$c
cljs$core$_chunked_rest:ad
cljs$core$_clj__GT_js:ei
cljs$core$_conj:Xb
cljs$core$_conj_BANG_:Wc
cljs$core$_contains_key_QMARK_:jc
cljs$core$_count:Tb
cljs$core$_deref:yc
cljs$core$_disjoin:sc
cljs$core$_dissoc:nc
cljs$core$_drop_first:Zc
cljs$core$_empty:Vb
cljs$core$_equiv:Hc
cljs$core$_find:lc
cljs$core$_first:bc
cljs$core$_hash:Ic
cljs$core$_indexOf$cljs$0core$0IFn$0_invoke$0arity$03:t
cljs$core$_iterator:fd
cljs$core$_key:pc
cljs$core$_kv_reduce:Gc
cljs$core$_lastIndexOf$cljs$0core$0IFn$0_invoke$0arity$03:Yd
cljs$core$_lookup:gc
cljs$core$_meta:Ac
cljs$core$_next:ec
cljs$core$_nth:Zb
cljs$core$_peek:tc
cljs$core$_persistent_BANG_:Xc
cljs$core$_pop:uc
cljs$core$_pr_writer:Rc
cljs$core$_reduce:Dc
cljs$core$_remove_watch:Uc
cljs$core$_reset_BANG_:bd
cljs$core$_rest:cc
cljs$core$_rseq:Oc
cljs$core$_seq:Kc
cljs$core$_swap_BANG_:cd
cljs$core$_val:qc
cljs$core$_with_meta:Bc
cljs$core$_write:Pc
cljs$core$aclone:Nb
cljs$core$apply$cljs$0core$0IFn$0_invoke$0arity$02:sf
cljs$core$apply$cljs$0core$0IFn$0_invoke$0arity$03:tf
cljs$core$apply$cljs$0core$0IFn$0_invoke$0arity$05:uf
cljs$core$apply$cljs$0core$0IFn$0_invoke$0arity$0variadic:pe
cljs$core$apply_to:mf
cljs$core$apply_to_simple$cljs$0core$0IFn$0_invoke$0arity$03:of
cljs$core$apply_to_simple$cljs$0core$0IFn$0_invoke$0arity$04:pf
cljs$core$apply_to_simple$cljs$0core$0IFn$0_invoke$0arity$05:qf
cljs$core$apply_to_simple$cljs$0core$0IFn$0_invoke$0arity$06:rf
cljs$core$array_QMARK_:Gb
cljs$core$array_copy:Ce
cljs$core$array_index_of:Rg
cljs$core$array_reduce$cljs$0core$0IFn$0_invoke$0arity$02:Rd
cljs$core$array_reduce$cljs$0core$0IFn$0_invoke$0arity$03:Sd
cljs$core$array_reduce$cljs$0core$0IFn$0_invoke$0arity$04:Td
cljs$core$assoc:ke
cljs$core$assoc_in:eg
cljs$core$atom$cljs$0core$0IFn$0_invoke$0arity$01:Nf
cljs$core$bit_count:Te
cljs$core$boolean$0:Fe
cljs$core$bounded_count:hf
cljs$core$build_subvec:Dg
cljs$core$butlast:Dh
cljs$core$char_escapes:Ph
cljs$core$chunk_append:gf
cljs$core$chunk_cons:ff
cljs$core$chunked_seq_QMARK_:Be
cljs$core$ci_reduce$cljs$0core$0IFn$0_invoke$0arity$02:Pd
cljs$core$ci_reduce$cljs$0core$0IFn$0_invoke$0arity$03:Qd
cljs$core$clj__GT_js:gi
cljs$core$clone_and_set$cljs$0core$0IFn$0_invoke$0arity$03:ah
cljs$core$coll_QMARK_:ve
cljs$core$complement:Ff
cljs$core$concat:kf
cljs$core$conj:ge
cljs$core$conj_BANG_:lf
cljs$core$cons:be
cljs$core$constantly:Gf
cljs$core$contains_QMARK_:Ie
cljs$core$count:Wd
cljs$core$counted_QMARK_:Ud
cljs$core$create_array_node_seq$cljs$0core$0IFn$0_invoke$0arity$03:lh
cljs$core$create_inode_seq$cljs$0core$0IFn$0_invoke$0arity$03:gh
cljs$core$cst$0kw$0_LT__DASH_:Hi
cljs$core$cst$0kw$0_LT__GT_:Aj
cljs$core$cst$0kw$0a:Ek
cljs$core$cst$0kw$0add_DASH_event:qi
cljs$core$cst$0kw$0after:Fj
cljs$core$cst$0kw$0alt_DASH_impl:Vh
cljs$core$cst$0kw$0app$0events_SLASH_init:ni
cljs$core$cst$0kw$0app$0events_SLASH_show_DASH_only_DASH_new:Ii
cljs$core$cst$0kw$0app$0events_SLASH_sort_DASH_by:Fk
cljs$core$cst$0kw$0app$0filter_SLASH_only_DASH_new:zj
cljs$core$cst$0kw$0app$0subs_SLASH_game_DASH_list:Ei
cljs$core$cst$0kw$0app$0subs_SLASH_sorting:hk
cljs$core$cst$0kw$0app_SLASH_sort_DASH_dir:Gi
cljs$core$cst$0kw$0app_SLASH_sort_DASH_key:ui
cljs$core$cst$0kw$0asc:Wi
cljs$core$cst$0kw$0atom:mk
cljs$core$cst$0kw$0auto_DASH_run:Qj
cljs$core$cst$0kw$0before:uk
cljs$core$cst$0kw$0br:bk
cljs$core$cst$0kw$0callback:vk
cljs$core$cst$0kw$0childContextTypes:Ji
cljs$core$cst$0kw$0class:Mj
cljs$core$cst$0kw$0className:nj
cljs$core$cst$0kw$0cljs$0analyzer_SLASH_analyzed:kj
cljs$core$cst$0kw$0cljs$0core_SLASH_not_DASH_found:xh
cljs$core$cst$0kw$0cljsLegacyRender:vi
cljs$core$cst$0kw$0coeffects:ek
cljs$core$cst$0kw$0cofx:pk
cljs$core$cst$0kw$0com$0boardgamegeek$0boardgame_SLASH_categories:G
cljs$core$cst$0kw$0com$0boardgamegeek$0boardgame_SLASH_id:W
cljs$core$cst$0kw$0com$0boardgamegeek$0boardgame_SLASH_max_DASH_play_DASH_time:M
cljs$core$cst$0kw$0com$0boardgamegeek$0boardgame_SLASH_max_DASH_players:O
cljs$core$cst$0kw$0com$0boardgamegeek$0boardgame_SLASH_mechanics:D
cljs$core$cst$0kw$0com$0boardgamegeek$0boardgame_SLASH_min_DASH_play_DASH_time:Q
cljs$core$cst$0kw$0com$0boardgamegeek$0boardgame_SLASH_min_DASH_players:C
cljs$core$cst$0kw$0com$0boardgamegeek$0boardgame_SLASH_thumbnail:Z
cljs$core$cst$0kw$0com$0boardgamegeek$0category_SLASH_id:U
cljs$core$cst$0kw$0com$0boardgamegeek$0category_SLASH_name:L
cljs$core$cst$0kw$0com$0boardgamegeek$0mechanic_SLASH_id:R
cljs$core$cst$0kw$0com$0boardgamegeek$0mechanic_SLASH_name:P
cljs$core$cst$0kw$0componentFunction:ck
cljs$core$cst$0kw$0componentWillUnmount:ij
cljs$core$cst$0kw$0component_DASH_did_DASH_update:bj
cljs$core$cst$0kw$0component_DASH_will_DASH_unmount:Sj
cljs$core$cst$0kw$0constructor:Pj
cljs$core$cst$0kw$0contextType:Ak
cljs$core$cst$0kw$0contextTypes:Yi
cljs$core$cst$0kw$0db:Ki
cljs$core$cst$0kw$0db_DASH_handler:Dj
cljs$core$cst$0kw$0debug:ej
cljs$core$cst$0kw$0deregister_DASH_event_DASH_handler:lj
cljs$core$cst$0kw$0desc:Bi
cljs$core$cst$0kw$0dispatch:xj
cljs$core$cst$0kw$0dispatch_DASH_later:Dk
cljs$core$cst$0kw$0dispatch_DASH_n:cj
cljs$core$cst$0kw$0displayName:Pi
cljs$core$cst$0kw$0display_DASH_name:Vj
cljs$core$cst$0kw$0div:vj
cljs$core$cst$0kw$0div$0footer:Ri
cljs$core$cst$0kw$0do_DASH_fx:$i
cljs$core$cst$0kw$0dup:Cb
cljs$core$cst$0kw$0effects:Nj
cljs$core$cst$0kw$0error:ak
cljs$core$cst$0kw$0event:Ej
cljs$core$cst$0kw$0exception:dk
cljs$core$cst$0kw$0f:Yj
cljs$core$cst$0kw$0fallback_DASH_impl:Wh
cljs$core$cst$0kw$0finish_DASH_run:zk
cljs$core$cst$0kw$0flush_DASH_dom:uj
cljs$core$cst$0kw$0flush_DASH_on_DASH_newline:zb
cljs$core$cst$0kw$0fsm_DASH_state:Di
cljs$core$cst$0kw$0function_DASH_components:Hj
cljs$core$cst$0kw$0fx:tk
cljs$core$cst$0kw$0game_DASH_list_SLASH_games:qk
cljs$core$cst$0kw$0game_DASH_list_SLASH_sorting:Ij
cljs$core$cst$0kw$0game_SLASH_id:B
cljs$core$cst$0kw$0game_SLASH_name:Y
cljs$core$cst$0kw$0getDerivedStateFromError:hj
cljs$core$cst$0kw$0getDerivedStateFromProps:gj
cljs$core$cst$0kw$0getInitialState:Oj
cljs$core$cst$0kw$0global_DASH_interceptors:tj
cljs$core$cst$0kw$0group:zi
cljs$core$cst$0kw$0groupEnd:lk
cljs$core$cst$0kw$0href:Bk
cljs$core$cst$0kw$0id:Lj
cljs$core$cst$0kw$0idle:yi
cljs$core$cst$0kw$0img:Ck
cljs$core$cst$0kw$0inject_DASH_global_DASH_interceptors:Uj
cljs$core$cst$0kw$0input:fk
cljs$core$cst$0kw$0key:Ci
cljs$core$cst$0kw$0keyword_DASH_fn:hi
cljs$core$cst$0kw$0label:Kj
cljs$core$cst$0kw$0languages:X
cljs$core$cst$0kw$0loaded_QMARK_:kk
cljs$core$cst$0kw$0log:wk
cljs$core$cst$0kw$0map:yk
cljs$core$cst$0kw$0meta:Bb
cljs$core$cst$0kw$0more_DASH_marker:Nh
cljs$core$cst$0kw$0ms:sk
cljs$core$cst$0kw$0name:E
cljs$core$cst$0kw$0new:Ti
cljs$core$cst$0kw$0no_DASH_cache:Bj
cljs$core$cst$0kw$0on_DASH_change:ok
cljs$core$cst$0kw$0on_DASH_click:mj
cljs$core$cst$0kw$0on_DASH_dispose:Xj
cljs$core$cst$0kw$0on_DASH_set:ti
cljs$core$cst$0kw$0on_DASH_write:Jj
cljs$core$cst$0kw$0original_DASH_event:xi
cljs$core$cst$0kw$0p:xk
cljs$core$cst$0kw$0path:pi
cljs$core$cst$0kw$0pause:Zj
cljs$core$cst$0kw$0paused:si
cljs$core$cst$0kw$0print_DASH_length:Db
cljs$core$cst$0kw$0queue:Oi
cljs$core$cst$0kw$0re_DASH_frame$0std_DASH_interceptors_SLASH_not_DASH_found:Ni
cljs$core$cst$0kw$0readably:Ab
cljs$core$cst$0kw$0reagentRender:yj
cljs$core$cst$0kw$0reagent_DASH_render:Gj
cljs$core$cst$0kw$0render:Cj
cljs$core$cst$0kw$0resume:rk
cljs$core$cst$0kw$0run_DASH_queue:Rj
cljs$core$cst$0kw$0running:qj
cljs$core$cst$0kw$0scheduled:Wj
cljs$core$cst$0kw$0sequential:Si
cljs$core$cst$0kw$0set:gk
cljs$core$cst$0kw$0shouldComponentUpdate:sj
cljs$core$cst$0kw$0sorting:ik
cljs$core$cst$0kw$0source_DASH_label:Mi
cljs$core$cst$0kw$0source_DASH_url:rj
cljs$core$cst$0kw$0span:Hk
cljs$core$cst$0kw$0span$0i_DASH_arrow_DASH_down:jj
cljs$core$cst$0kw$0span$0i_DASH_arrow_DASH_up:oj
cljs$core$cst$0kw$0src:fj
cljs$core$cst$0kw$0stack:Tj
cljs$core$cst$0kw$0sub:Li
cljs$core$cst$0kw$0sup:Fi
cljs$core$cst$0kw$0table$0game_DASH_list:wi
cljs$core$cst$0kw$0tbody:Ai
cljs$core$cst$0kw$0td:Vi
cljs$core$cst$0kw$0text:Gk
cljs$core$cst$0kw$0th:Xi
cljs$core$cst$0kw$0th$0pointer:aj
cljs$core$cst$0kw$0thead:oi
cljs$core$cst$0kw$0title:pj
cljs$core$cst$0kw$0tr:Zi
cljs$core$cst$0kw$0trigger:nk
cljs$core$cst$0kw$0trim_DASH_v:wj
cljs$core$cst$0kw$0type:dj
cljs$core$cst$0kw$0unnamed:mi
cljs$core$cst$0kw$0unwrap:jk
cljs$core$cst$0kw$0val:ai
cljs$core$cst$0kw$0validator:Qi
cljs$core$cst$0kw$0warn:Ui
cljs$core$cst$0kw$0yield:ri
cljs$core$dec:Qe
cljs$core$deref:Od
cljs$core$disj:te
cljs$core$dissoc:me
cljs$core$do_assoc:pg
cljs$core$doall$cljs$0core$0IFn$0_invoke$0arity$01:Kh
cljs$core$drop$cljs$0core$0IFn$0_invoke$0arity$02:Sf
cljs$core$drop_last$cljs$0core$0IFn$0_invoke$0arity$02:Tf
cljs$core$edit_and_set$cljs$0core$0IFn$0_invoke$0arity$04:ch
cljs$core$empty:ie
cljs$core$empty_QMARK_:ue
cljs$core$empty_ordered_hash:Hd
cljs$core$empty_unordered_hash:Jd
cljs$core$equiv_map:Og
cljs$core$equiv_sequential:ae
cljs$core$es6_iterator:Dd
cljs$core$es6_iterator_seq:yd
cljs$core$every_QMARK_:Df
cljs$core$ex_info$cljs$0core$0IFn$0_invoke$0arity$02:ji
cljs$core$filter$cljs$0core$0IFn$0_invoke$0arity$02:Yf
cljs$core$first:q
cljs$core$flatten:ag
cljs$core$fn_QMARK_:ne
cljs$core$fnil$cljs$0core$0IFn$0_invoke$0arity$02:If
cljs$core$gensym$cljs$0core$0IFn$0_invoke$0arity$01:ci
cljs$core$gensym_counter:bi
cljs$core$get:ud
cljs$core$get_in$cljs$0core$0IFn$0_invoke$0arity$02:dg
cljs$core$hash:qd
cljs$core$hash_collision_node_find_index:mh
cljs$core$hash_combine:rd
cljs$core$hash_map:wf
cljs$core$hash_ordered_coll:Gd
cljs$core$hash_string:pd
cljs$core$hash_unordered_coll:Id
cljs$core$identity:Ne
cljs$core$ifn_QMARK_:Ge
cljs$core$imul:id
cljs$core$inc:Kd
cljs$core$indexed_QMARK_:Vd
cljs$core$inode_kv_reduce:dh
cljs$core$instance_QMARK_:sd
cljs$core$integer_QMARK_:He
cljs$core$interleave:Wf
cljs$core$interpose$cljs$0core$0IFn$0_invoke$0arity$02:Xf
cljs$core$into:Jf
cljs$core$into_array$cljs$0core$0IFn$0_invoke$0arity$02:Ob
cljs$core$iter_reduce$cljs$0core$0IFn$0_invoke$0arity$02:Je
cljs$core$iter_reduce$cljs$0core$0IFn$0_invoke$0arity$03:Ke
cljs$core$iterable_QMARK_:wd
cljs$core$keep$cljs$0core$0IFn$0_invoke$0arity$02:Lf
cljs$core$key__GT_js$cljs$0core$0IFn$0_invoke$0arity$02:fi
cljs$core$key_test:$g
cljs$core$keys:Ug
cljs$core$keyword:Ze
cljs$core$last:fe
cljs$core$lift_ns:Zh
cljs$core$linear_traversal_nth$cljs$0core$0IFn$0_invoke$0arity$03:je
cljs$core$list:We
cljs$core$list_QMARK_:Ue
cljs$core$lookup_sentinel:De
cljs$core$m3_fmix:ld
cljs$core$m3_hash_unencoded_chars:md
cljs$core$m3_mix_H1:kd
cljs$core$m3_mix_K1:jd
cljs$core$map:Qf
cljs$core$map_QMARK_:ye
cljs$core$map_entry_QMARK_:Ag
cljs$core$mapv$cljs$0core$0IFn$0_invoke$0arity$02:bg
cljs$core$max:Re
cljs$core$max_key:Eh
cljs$core$merge:vh
cljs$core$meta:re
cljs$core$missing_protocol:Kb
cljs$core$mix_collection_hash:Fd
cljs$core$name:$e
cljs$core$namespace:Ye
cljs$core$native_satisfies_QMARK_:Ib
cljs$core$never_equiv:Ng
cljs$core$new_path:lg
cljs$core$next:r
cljs$core$next_STAR_:nf
cljs$core$nil_QMARK_:Fb
cljs$core$nil_iter:yf
cljs$core$not:Hb
cljs$core$not_empty:xf
cljs$core$nth$cljs$0core$0IFn$0_invoke$0arity$02:Xd
cljs$core$nth$cljs$0core$0IFn$0_invoke$0arity$03:v
cljs$core$partial:Hf
cljs$core$partition$cljs$0core$0IFn$0_invoke$0arity$03:cg
cljs$core$peek:se
cljs$core$pop_tail:qg
cljs$core$pr_opts:yb
cljs$core$pr_sequential_writer:Mh
cljs$core$pr_str_STAR_:hd
cljs$core$pr_str_with_opts:Xh
cljs$core$pr_writer:Th
cljs$core$pr_writer_impl:Sh
cljs$core$prim_seq$cljs$0core$0IFn$0_invoke$0arity$02:ce
cljs$core$print_map:Uh
cljs$core$print_meta_QMARK_:Rh
cljs$core$print_prefix_map:$h
cljs$core$push_tail:mg
cljs$core$pv_clone_node:jg
cljs$core$pv_fresh_node:ig
cljs$core$pv_reduce$cljs$0core$0IFn$0_invoke$0arity$04:tg
cljs$core$pv_reduce$cljs$0core$0IFn$0_invoke$0arity$05:ug
cljs$core$quot:Se
cljs$core$quote_string:Qh
cljs$core$ranged_iterator:sg
cljs$core$re_matches:Lh
cljs$core$record_QMARK_:ze
cljs$core$reduce$cljs$0core$0IFn$0_invoke$0arity$02:Le
cljs$core$reduce$cljs$0core$0IFn$0_invoke$0arity$03:Pb
cljs$core$reduce_kv:Me
cljs$core$reduced_QMARK_:Nd
cljs$core$remove$cljs$0core$0IFn$0_invoke$0arity$02:Zf
cljs$core$remove_pair:bh
cljs$core$repeat$cljs$0core$0IFn$0_invoke$0arity$02:Vf
cljs$core$reset_BANG_:Of
cljs$core$rest:zd
cljs$core$select_keys:wh
cljs$core$seq:m
cljs$core$seq_QMARK_:Ee
cljs$core$seq_reduce$cljs$0core$0IFn$0_invoke$0arity$02:de
cljs$core$seq_reduce$cljs$0core$0IFn$0_invoke$0arity$03:ee
cljs$core$sequential_QMARK_:xe
cljs$core$set:Ch
cljs$core$set_QMARK_:we
cljs$core$some:Ef
cljs$core$spread:jf
cljs$core$str:h
cljs$core$string_hash_cache:nd
cljs$core$string_hash_cache_count:od
cljs$core$strip_ns:Yh
cljs$core$subvec:Eg
cljs$core$swap_BANG_:Pf
cljs$core$symbol:vd
cljs$core$t_cljs$0core10394:tb
cljs$core$tail_off:kg
cljs$core$take$cljs$0core$0IFn$0_invoke$0arity$02:Rf
cljs$core$tapset:ki
cljs$core$transduce$cljs$0core$0IFn$0_invoke$0arity$04:Oe
cljs$core$tree_seq:$f
cljs$core$truth_:g
cljs$core$tv_ensure_editable:Fg
cljs$core$tv_push_tail:Gg
cljs$core$type:Jb
cljs$core$type__GT_str:Lb
cljs$core$unchecked_array_for:og
cljs$core$update:gg
cljs$core$update_in:fg
cljs$core$vals:Vg
cljs$core$vec:zg
cljs$core$vector:Bg
cljs$core$vector_QMARK_:Ae
cljs$core$vector_index_out_of_bounds:ng
cljs$core$with_meta:qe
cljs$core$write_all$cljs$0core$0IFn$0_invoke$0arity$0variadic:Oh
clojure$data$atom_diff:Qo
clojure$data$diff:To
clojure$data$diff_associative:Uo
clojure$data$diff_associative_key:So
clojure$data$diff_sequential:Vo
clojure$data$diff_set:Wo
clojure$data$diff_similar:Yo
clojure$data$equality_partition:Xo
clojure$data$vectorize:Ro
clojure$set$bubble_max_key:ul
clojure$set$difference:wl
clojure$set$intersection:vl
clojure$string$join$cljs$0core$0IFn$0_invoke$0arity$02:Qk
clojure$string$replace:Pk
clojure$string$replace_all:Nk
clojure$string$replace_with:Ok
clojure$string$split$cljs$0core$0IFn$0_invoke$0arity$03:Rk
clojure$walk$prewalk:Tk
clojure$walk$walk:Sk
docMode$jscomp$inline_1224:qn
documentMode$jscomp$inline_1238:tn
goog$Disposable:Bn
goog$Disposable$MonitoringMode$OFF:Cn
goog$Disposable$instances_:Dn
goog$UID_PROPERTY_:na
goog$async$nextTick:co
goog$bind:xa
goog$bindJs_:wa
goog$bindNative_:sa
goog$debug$Trace_:Jp
goog$debug$Trace_$Event_:Kp
goog$debug$Trace_$Stat_:Lp
goog$debug$Trace_$TRACE_CANCELLED_:Pp
goog$debug$Trace_$formatTime_:Op
goog$debug$Trace_$longToPaddedString_:Np
goog$dom$createElement:bo
goog$dom$safe$isInnerHtmlCleanupRecursive_:ab
goog$events$BrowserEvent:Fn
goog$events$BrowserEvent$IE_POINTER_TYPE_MAP:Gn
goog$events$BrowserFeature$HAS_W3C_EVENT_SUPPORT:wn
goog$events$BrowserFeature$PASSIVE_EVENTS:An
goog$events$BrowserFeature$SET_KEY_CODE_TO_PREVENT_DEFAULT:zn
goog$events$Event:En
goog$events$LISTENER_MAP_PROP_:On
goog$events$LISTENER_WRAPPER_PROP_:ao
goog$events$Listenable$IMPLEMENTED_BY_PROP:Hn
goog$events$ListenableKey$counter_:In
goog$events$Listener:Jn
goog$events$ListenerMap:Ln
goog$events$ListenerMap$findListenerIndex_:Mn
goog$events$fireListener:$n
goog$events$fireListeners_:Zn
goog$events$getListenerMap_:Vn
goog$events$getOnString_:Xn
goog$events$getProxy:Wn
goog$events$handleBrowserEvent_:Yn
goog$events$listen:Rn
goog$events$listenOnce:Sn
goog$events$listen_:Un
goog$events$listenerCountEstimate_:Qn
goog$events$onStringMap_:Pn
goog$events$wrapListener:Tn
goog$exportPath_:da
goog$getUid:ma
goog$global:ca
goog$html$SafeHtml:Ya
goog$html$SafeHtml$CONSTRUCTOR_TOKEN_PRIVATE_:Xa
goog$html$SafeHtml$EMPTY:$a
goog$html$SafeHtml$unwrapTrustedHTML:Za
goog$html$trustedtypes$cachedPolicy_:Oa
goog$identity_:za
goog$inherits:ya
goog$isArrayLike:ka
goog$isObject:la
goog$iter$Iterator:hb
goog$iter$StopIteration:gb
goog$iter$forEach:jb
goog$iter$toIterator:ib
goog$labs$userAgent$platform$isIphone:en
goog$labs$userAgent$util$matchUserAgent:Va
goog$labs$userAgent$util$userAgent_:Sa
goog$nullFunction:fa
goog$object$PROTOTYPE_FIELDS_:Ka
goog$object$extend:Na
goog$object$get:Ja
goog$object$getKeys:Ia
goog$reflect$sinkValue:ob
goog$string$HTML_ENTITY_PATTERN_:fb
goog$string$StringBuffer:qb
goog$string$internal$compareElements_:Qa
goog$string$internal$trim:Pa
goog$string$unescapeEntities:bb
goog$string$unescapeEntitiesUsingDom_:cb
goog$string$unescapePureXmlEntities_:eb
goog$structs$Map:kb
goog$structs$Map$hasKey_:nb
goog$structs$SimplePool:Fp
goog$typeOf:ia
goog$uidCounter_:oa
goog$userAgent$DOCUMENT_MODE:un
goog$userAgent$EDGE:hn
goog$userAgent$GECKO:jn
goog$userAgent$IE:gn
goog$userAgent$OPERA:fn
goog$userAgent$VERSION:nn
goog$userAgent$WEBKIT:kn
goog$userAgent$getDocumentMode_:mn
goog$userAgent$isVersionOrHigherCache_:rn
listener$jscomp$inline_1285:uo
module$contents$goog$array_forEach:Fa
module$contents$goog$array_indexOf:Aa
module$contents$goog$array_toArray:Ga
navigator$jscomp$inline_1220:ln
navigator$jscomp$inline_261:Ta
re_frame:eo
re_frame$cofx$inject_db:Po
re_frame$core$reg_event_db:ip
re_frame$core$reg_sub$cljs$0core$0IFn$0_invoke$0arity$0variadic:jp
re_frame$db$app_db:Bo
re_frame$events$_STAR_handling_STAR_:Co
re_frame$events$handle:Do
re_frame$fx$dispatch_later:Oo
re_frame$fx$do_fx:No
re_frame$interceptor$__GT_interceptor:oo
re_frame$interceptor$assoc_coeffect:qo
re_frame$interceptor$enqueue:so
re_frame$interceptor$get_coeffect$cljs$0core$0IFn$0_invoke$0arity$02:po
re_frame$interceptor$invoke_interceptors:ro
re_frame$interop$add_on_dispose_BANG_:go
re_frame$interop$deref_QMARK_:fo
re_frame$interop$empty_queue:Kf
re_frame$interop$reagent_id:io
re_frame$interop$set_timeout_BANG_:ho
re_frame$loggers$console:ko
re_frame$loggers$loggers:jo
re_frame$registrar$clear_handlers:zo
re_frame$registrar$get_handler$cljs$0core$0IFn$0_invoke$0arity$02:xo
re_frame$registrar$kind__GT_id__GT_handler:wo
re_frame$registrar$kinds:vo
re_frame$registrar$register_handler:yo
re_frame$router$dispatch:Mo
re_frame$router$event_queue:Lo
re_frame$router$later_fns:Eo
re_frame$settings$store:to
re_frame$std_interceptors$db_handler__GT_interceptor:Zo
re_frame$std_interceptors$inject_global_interceptors:$o
re_frame$subs$cache_and_return:cp
re_frame$subs$cache_lookup$cljs$0core$0IFn$0_invoke$0arity$02:dp
re_frame$subs$clear_subscription_cache_BANG_:bp
re_frame$subs$deref_input_signals:gp
re_frame$subs$map_vals:fp
re_frame$subs$query__GT_reaction:ap
re_frame$subs$reg_sub:hp
re_frame$subs$subscribe:ep
re_frame$trace:lo
re_frame$trace$next_delivery:no
re_frame$trace$traces:mo
re_frame$utils$first_in_vector:Ao
reagent:Ik
reagent$core$after_render:dn
reagent$debug:Jk
reagent$debug$has_console:Kk
reagent$debug$track_console:Mk
reagent$debug$warnings:Lk
reagent$dom:Ap
reagent$dom$global$0module$0react_dom:Bp
reagent$dom$render$cljs$0core$0IFn$0_invoke$0arity$03:Ep
reagent$dom$render_comp:Dp
reagent$dom$roots:Cp
reagent$impl:Uk
reagent$impl$batching:gl
reagent$impl$batching$RenderQueue:pl
reagent$impl$batching$compare_mount_order:kl
reagent$impl$batching$enqueue:nl
reagent$impl$batching$fake_raf:il
reagent$impl$batching$mount_count:hl
reagent$impl$batching$next_tick:jl
reagent$impl$batching$queue_render:tl
reagent$impl$batching$ratom_flush:ll
reagent$impl$batching$render_queue:sl
reagent$impl$batching$run_funs:ml
reagent$impl$component$_STAR_current_component_STAR_:gm
reagent$impl$component$built_in_static_method_names:um
reagent$impl$component$cache_react_class:wm
reagent$impl$component$camelify_map_keys:qm
reagent$impl$component$cljsify:tm
reagent$impl$component$comp_name:mm
reagent$impl$component$create_class:vm
reagent$impl$component$custom_wrapper:nm
reagent$impl$component$dash_to_method_name:pm
reagent$impl$component$functional_render:ym
reagent$impl$component$functional_render_fn:Am
reagent$impl$component$functional_render_memo_fn:zm
reagent$impl$component$functional_wrap_render:xm
reagent$impl$component$global$0module$0react:hm
reagent$impl$component$map_to_js:sm
reagent$impl$component$obligatory:om
reagent$impl$component$props_argv:im
reagent$impl$component$rat_opts:bm
reagent$impl$component$react_class_QMARK_:km
reagent$impl$component$reagent_class_QMARK_:jm
reagent$impl$component$wrap_funs:rm
reagent$impl$component$wrap_render:lm
reagent$impl$input$input_component_set_value:Dm
reagent$impl$input$input_handle_change:Em
reagent$impl$input$input_node_set_value:Cm
reagent$impl$input$input_render_setup:Fm
reagent$impl$input$input_spec:Gm
reagent$impl$input$these_inputs_have_selection_api:Bm
reagent$impl$protocols$as_element:em
reagent$impl$protocols$get_id:dm
reagent$impl$protocols$make_element:fm
reagent$impl$template:Hm
reagent$impl$template$HiccupTag:Um
reagent$impl$template$cache_get:Mm
reagent$impl$template$convert_custom_prop_value:Sm
reagent$impl$template$convert_prop_value:Om
reagent$impl$template$custom_kv_conv:Rm
reagent$impl$template$custom_prop_name_cache:Qm
reagent$impl$template$default_compiler:cn
reagent$impl$template$expand_seq_check:an
reagent$impl$template$expand_seq_dev:$m
reagent$impl$template$function_element:Wm
reagent$impl$template$global$0module$0react:Jm
reagent$impl$template$kv_conv:Nm
reagent$impl$template$make_element:Tm
reagent$impl$template$maybe_function_element:Xm
reagent$impl$template$native_element:Zm
reagent$impl$template$prop_name_cache:Lm
reagent$impl$template$re_tag:Km
reagent$impl$template$reag_element:Vm
reagent$impl$template$t_reagent$0impl$0template12680:Im
reagent$impl$template$tag_name_cache:Ym
reagent$impl$template$vec_to_elem:bn
reagent$impl$util$_STAR_always_update_STAR_:bl
reagent$impl$util$capitalize:Xk
reagent$impl$util$class_names:al
reagent$impl$util$dash_to_prop_name:Yk
reagent$impl$util$dont_camel_case:Wk
reagent$impl$util$fun_name:Zk
reagent$impl$util$get_react_key:cl
reagent$impl$util$hiccup_err$cljs$0core$0IFn$0_invoke$0arity$0variadic:fl
reagent$impl$util$is_client:Vk
reagent$impl$util$named_QMARK_:$k
reagent$impl$util$react_key_from_vec:dl
reagent$impl$util$str_coll:el
reagent$ratom:xl
reagent$ratom$RAtom:Ll
reagent$ratom$RCursor:Ql
reagent$ratom$Reaction:Wl
reagent$ratom$Track:Pl
reagent$ratom$_STAR_ratom_context_STAR_:yl
reagent$ratom$_running:Bl
reagent$ratom$add_on_dispose_BANG_:Ul
reagent$ratom$add_w:Gl
reagent$ratom$atom:Ml
reagent$ratom$cached_reaction:Nl
reagent$ratom$check_derefs:cm
reagent$ratom$check_watches:Fl
reagent$ratom$debug:zl
reagent$ratom$deref_capture:Dl
reagent$ratom$dispose_BANG_:Tl
reagent$ratom$flush_BANG_:Zl
reagent$ratom$generation:Al
reagent$ratom$handle_reaction_change:Tc
reagent$ratom$in_context:Cl
reagent$ratom$make_reaction:Ol
reagent$ratom$notify_deref_watcher_BANG_:El
reagent$ratom$notify_w:Il
reagent$ratom$pr_atom:Jl
reagent$ratom$rea_queue:Kl
reagent$ratom$remove_w:Hl
reagent$ratom$run_in_reaction:am
reagent$ratom$temp_reaction:$l
userAgent$jscomp$inline_262:Ua
valueFn$jscomp$inline_1842:yn
version$jscomp$inline_1222:on
